To honour the JVM settings for this build a single-use Daemon process will be forked. For more on this, please refer to https://docs.gradle.org/9.2.1/userguide/gradle_daemon.html#sec:disabling_the_daemon in the Gradle documentation.
Daemon will be stopped at the end of the build 
> Task :checkKotlinGradlePluginConfigurationErrors SKIPPED

> Task :compileKotlin FAILED
.\gradlew : e: file:///D:/Documents/Web%20Dev/mytheri
on/mytherion-backend/src/main/kotlin/io/mytherion/con
fig/GlobalExceptionHandler.kt:23:27 Unresolved 
reference 'EntityNotFoundException'.
At line:1 char:1
+ .\gradlew compileKotlin --no-daemon 2>&1 > 
build_output.txt; Get-Cont ...
+ ~~~~~~~~~~~~~~~~~~~~~~~~~~~~~~~~~~~~~~~~~~~~~~~~~~~
~~~~~~~~
    + CategoryInfo          : NotSpecified: (e: 
file:///D    :/D...oundException'.:String) [], 
RemoteException
    + FullyQualifiedErrorId : NativeCommandError
 
e: file:///D:/Documents/Web%20Dev/mytherion/mytherion
-backend/src/main/kotlin/io/mytherion/config/GlobalEx
ceptionHandler.kt:23:27 Annotation argument must be 
a compile-time constant.
e: file:///D:/Documents/Web%20Dev/mytherion/mytherion
-backend/src/main/kotlin/io/mytherion/config/GlobalEx
ceptionHandler.kt:24:38 Unresolved reference 
'EntityNotFoundException'.
e: file:///D:/Documents/Web%20Dev/mytherion/mytherion
-backend/src/main/kotlin/io/mytherion/config/GlobalEx
ceptionHandler.kt:30:54 Unresolved reference 
'message'.
e: file:///D:/Documents/Web%20Dev/mytherion/mytherion
-backend/src/main/kotlin/io/mytherion/config/GlobalEx
ceptionHandler.kt:36:27 Unresolved reference 
'EntityAccessDeniedException'.
e: file:///D:/Documents/Web%20Dev/mytherion/mytherion
-backend/src/main/kotlin/io/mytherion/config/GlobalEx
ceptionHandler.kt:36:27 Annotation argument must be 
a compile-time constant.
e: file:///D:/Documents/Web%20Dev/mytherion/mytherion
-backend/src/main/kotlin/io/mytherion/config/GlobalEx
ceptionHandler.kt:38:21 Unresolved reference 
'EntityAccessDeniedException'.
e: file:///D:/Documents/Web%20Dev/mytherion/mytherion
-backend/src/main/kotlin/io/mytherion/config/GlobalEx
ceptionHandler.kt:45:54 Unresolved reference 
'message'.
e: file:///D:/Documents/Web%20Dev/mytherion/mytherion
-backend/src/main/kotlin/io/mytherion/config/GlobalEx
ceptionHandler.kt:51:27 Unresolved reference 
'ImageNotFoundException'.
e: file:///D:/Documents/Web%20Dev/mytherion/mytherion
-backend/src/main/kotlin/io/mytherion/config/GlobalEx
ceptionHandler.kt:51:27 Annotation argument must be 
a compile-time constant.
e: file:///D:/Documents/Web%20Dev/mytherion/mytherion
-backend/src/main/kotlin/io/mytherion/config/GlobalEx
ceptionHandler.kt:52:37 Unresolved reference 
'ImageNotFoundException'.
e: file:///D:/Documents/Web%20Dev/mytherion/mytherion
-backend/src/main/kotlin/io/mytherion/config/GlobalEx
ceptionHandler.kt:58:54 Unresolved reference 
'message'.

FAILURE: Build failed with an exception.

* What went wrong:
Execution failed for task ':compileKotlin'.
> A failure occurred while executing org.jetbrains.ko
tlin.compilerRunner.GradleCompilerRunnerWithWorkers$G
radleKotlinCompilerWorkAction
   > Compilation error. See log for more details

* Try:
> Run with --stacktrace option to get the stack 
trace.
> Run with --info or --debug option to get more log 
output.
> Run with --scan to generate a Build Scan (powered 
by Develocity).
> Get more help at https://help.gradle.org.

BUILD FAILED in 10s
1 actionable task: 1 executed
